// Vitest Snapshot v1

exports[`when render > render form with all components 1`] = `
<div
  class="v-card v-theme--light v-card--density-default v-card--variant-elevated mx-auto"
  style="width: 344px;"
>
  <!---->
  <div
    class="v-card__loader"
  >
    <div
      aria-valuemax="100"
      aria-valuemin="0"
      class="v-progress-linear v-theme--light"
      role="progressbar"
      style="height: 0; --v-progress-linear-height: 2px;"
    >
      <!---->
      <div
        class="v-progress-linear__background"
        style="width: 100%;"
      />
      <transition-stub
        appear="false"
        css="true"
        name="fade-transition"
        persisted="false"
      >
        <div
          class="v-progress-linear__indeterminate"
        >
          
          <div
            class="v-progress-linear__indeterminate long"
          />
          <div
            class="v-progress-linear__indeterminate short"
          />
          
        </div>
      </transition-stub>
      <!---->
    </div>
  </div>
  <div
    class="v-card-item"
  >
    <!---->
    <div
      class="v-card-item__content"
    >
      <div
        class="v-card-title"
      >
        Perfil
      </div>
      <!---->
      <!---->
    </div>
    <!---->
  </div>
  <!---->
  
  <div
    class="v-container"
  >
    <form
      class="v-form"
      novalidate=""
    >
      
      <div
        class="v-row justify-center"
      >
        <input
          accept="image/png, image/gif, image/jpeg, image/ico, image/jpg"
          class="d-none"
          name="photo"
          type="file"
        />
        <div
          class="v-col v-col-4"
        >
          <div
            class="v-avatar bg-info v-avatar--density-default v-avatar--variant-flat"
            style="width: 64px; height: 64px;"
          >
            
            <img
              class="d-none preview-photo"
              src=""
            />
            <i
              aria-hidden="true"
              class="fas fa-user mdi v-icon notranslate v-theme--light v-icon--size-default"
            />
            
            
            <!---->
            <span
              class="v-avatar__underlay"
            />
            
          </div>
          <br />
          <button
            class="v-btn v-theme--light v-btn--density-default v-btn--size-default v-btn--variant-plain"
            type="button"
          >
            
            <span
              class="v-btn__overlay"
            />
            <span
              class="v-btn__underlay"
            />
            
            <!---->
            <span
              class="v-btn__content"
              data-no-activator=""
            >
              
              
              Selecionar imagem
              
              
            </span>
            <!---->
            <!---->
          </button>
        </div>
      </div>
      <div
        class="v-input v-input--horizontal v-input--density-default v-text-field v-text-field--flush-details"
      >
        <!---->
        <div
          class="v-input__control"
        >
          
          <div
            class="v-field v-field--appended v-field--variant-underlined v-theme--light"
            role="textbox"
          >
            <div
              class="v-field__overlay"
            />
            <div
              class="v-field__loader"
            >
              <div
                aria-valuemax="100"
                aria-valuemin="0"
                class="v-progress-linear v-theme--light"
                role="progressbar"
                style="height: 0; --v-progress-linear-height: 2px;"
              >
                <!---->
                <div
                  class="v-progress-linear__background"
                  style="width: 100%;"
                />
                <transition-stub
                  appear="false"
                  css="true"
                  name="fade-transition"
                  persisted="false"
                >
                  <div
                    class="v-progress-linear__indeterminate"
                  >
                    
                    <div
                      class="v-progress-linear__indeterminate long"
                    />
                    <div
                      class="v-progress-linear__indeterminate short"
                    />
                    
                  </div>
                </transition-stub>
                <!---->
              </div>
            </div>
            <!---->
            <div
              class="v-field__field"
              data-no-activator=""
            >
              <!---->
              <label
                class="v-label v-field-label"
                for="input-1"
              >
                <!---->
                
                Nome
                
              </label>
              
              
              <!---->
              <input
                class="v-field__input"
                id="input-1"
                name="first_name"
                size="1"
                type="text"
              />
              <!---->
              
              
            </div>
            <transition-stub
              appear="false"
              css="true"
              name="expand-x-transition"
              persisted="false"
            >
              <div
                class="v-field__clearable"
                style="display: none;"
              >
                <i
                  aria-hidden="false"
                  aria-label="Clear Nome"
                  class="mdi-close-circle mdi v-icon notranslate v-theme--light v-icon--size-default v-icon--clickable"
                  role="button"
                />
              </div>
            </transition-stub>
            <div
              class="v-field__append-inner"
            >
              <!---->
              <!---->
            </div>
            <div
              class="v-field__outline"
            >
              <!---->
              <label
                aria-hidden="true"
                class="v-label v-field-label v-field-label--floating"
                for="input-1"
              >
                <!---->
                
                Nome
                
              </label>
            </div>
          </div>
          
        </div>
        <!---->
        <div
          class="v-input__details"
        >
          <transition-group-stub
            appear="false"
            class="v-messages"
            css="true"
            name="slide-y-transition"
            persisted="false"
            tag="div"
          >
            <!---->
          </transition-group-stub>
          <!---->
        </div>
      </div>
      <div
        class="v-input v-input--horizontal v-input--density-default v-text-field v-text-field--flush-details"
      >
        <!---->
        <div
          class="v-input__control"
        >
          
          <div
            class="v-field v-field--appended v-field--variant-underlined v-theme--light"
            role="textbox"
          >
            <div
              class="v-field__overlay"
            />
            <div
              class="v-field__loader"
            >
              <div
                aria-valuemax="100"
                aria-valuemin="0"
                class="v-progress-linear v-theme--light"
                role="progressbar"
                style="height: 0; --v-progress-linear-height: 2px;"
              >
                <!---->
                <div
                  class="v-progress-linear__background"
                  style="width: 100%;"
                />
                <transition-stub
                  appear="false"
                  css="true"
                  name="fade-transition"
                  persisted="false"
                >
                  <div
                    class="v-progress-linear__indeterminate"
                  >
                    
                    <div
                      class="v-progress-linear__indeterminate long"
                    />
                    <div
                      class="v-progress-linear__indeterminate short"
                    />
                    
                  </div>
                </transition-stub>
                <!---->
              </div>
            </div>
            <!---->
            <div
              class="v-field__field"
              data-no-activator=""
            >
              <!---->
              <label
                class="v-label v-field-label"
                for="input-3"
              >
                <!---->
                
                Sobrenome
                
              </label>
              
              
              <!---->
              <input
                class="v-field__input"
                id="input-3"
                name="last_name"
                size="1"
                type="text"
              />
              <!---->
              
              
            </div>
            <transition-stub
              appear="false"
              css="true"
              name="expand-x-transition"
              persisted="false"
            >
              <div
                class="v-field__clearable"
                style="display: none;"
              >
                <i
                  aria-hidden="false"
                  aria-label="Clear Sobrenome"
                  class="mdi-close-circle mdi v-icon notranslate v-theme--light v-icon--size-default v-icon--clickable"
                  role="button"
                />
              </div>
            </transition-stub>
            <div
              class="v-field__append-inner"
            >
              <!---->
              <!---->
            </div>
            <div
              class="v-field__outline"
            >
              <!---->
              <label
                aria-hidden="true"
                class="v-label v-field-label v-field-label--floating"
                for="input-3"
              >
                <!---->
                
                Sobrenome
                
              </label>
            </div>
          </div>
          
        </div>
        <!---->
        <div
          class="v-input__details"
        >
          <transition-group-stub
            appear="false"
            class="v-messages"
            css="true"
            name="slide-y-transition"
            persisted="false"
            tag="div"
          >
            <!---->
          </transition-group-stub>
          <!---->
        </div>
      </div>
      <div
        class="v-card-actions"
      >
        
        <div
          class="v-row justify-end"
        >
          <button
            class="v-btn v-theme--light text-success v-btn--density-default v-btn--size-default v-btn--variant-text"
            type="submit"
          >
            
            <span
              class="v-btn__overlay"
            />
            <span
              class="v-btn__underlay"
            />
            
            <!---->
            <span
              class="v-btn__content"
              data-no-activator=""
            >
              
              
              Salvar
              
              
            </span>
            <!---->
            <!---->
          </button>
        </div>
        
      </div>
      
    </form>
  </div>
  
  <!---->
  
  <!---->
  <span
    class="v-card__underlay"
  />
  
</div>
`;
